10
1    C         -1.51567090  -0.01027370  -0.30571800	64    	3 4 5 6
2    C          5.08868080   0.42890140  -7.49143310	64    	7 8 9 10
3    H         -0.40627070  -0.01045010  -0.30654860	11    	1
4    H         -1.88592600   0.70922650  -1.06466550	11    	1
5    H         -1.88467430   0.28757220   0.69722550	11    	1
6    H         -1.88581650  -1.02744300  -0.54888200	11    	1
7    H          6.19808150   0.42922650  -7.49062830	11    	2
8    H          4.71923270   1.13850160  -8.26003300	11    	2
9    H          4.71806320   0.73933150  -6.49291100	11    	2
10   H          4.71934790  -0.59145470  -7.72216380	11    	2
